 [odgłos zespołu]
